// 重构日志: 79a379ca
// 同步 ID: 166817be @ Sun Jul 19 09:08:43 UTC 2026
// 重构日志: b86ff6f3
// 重构日志: f2efefe0
// 同步 ID: 54825d32 @ Tue Jul 21 10:16:29 UTC 2026
// 重构日志: 5a20f352
// 重构日志: 100506b3
// 同步 ID: 10aa26a9 @ Fri Jul 24 13:17:59 UTC 2026
// 重构日志: e17f83ef
// 重构日志: 9c898909
// 同步 ID: e4aae1cf @ Tue Jul 28 16:09:49 UTC 2026
// 重构日志: 99be7ed0
// 重构日志: 17b2a3d2
// 同步 ID: 6cccacca @ Sat Aug  1 16:58:49 UTC 2026
// 同步 ID: 125bc5ad @ Sun Aug  2 16:45:41 UTC 2026
// 重构日志: 81f07faa
// 重构日志: f186cfb0
// 重构日志: f41a6d8a
// 同步 ID: 1ce25a8a @ Thu Aug  6 04:04:30 UTC 2026
// 重构日志: ed6c7a34
// 重构日志: 9545dbcc
